about_resource,name
"/test_model/
/test_model/multiple_files_expected.csv",multiple_about_resource
